
> backend@0.0.1 start:dev
> nest start --watch

[2J[3J[H[[90m5:13:31 pm[0m] Starting compilation in watch mode...

[[90m5:13:35 pm[0m] Found 0 errors. Watching for file changes.

[dotenv@17.3.1] injecting env (16) from .env -- tip: ≡ƒ¢í∩╕Å auth for agents: https://vestauth.com
Main.ts environment check: { CLOUDINARY_CLOUD_NAME: 'dnqqock8h', ENV_LOADED: true }
[32m[Nest] 43952  - [39m17/02/2026, 5:13:37 pm [32m    LOG[39m [38;5;3m[NestFactory] [39m[32mStarting Nest application...[39m
[32m[Nest] 43952  - [39m17/02/2026, 5:13:37 pm [32m    LOG[39m [38;5;3m[InstanceLoader] [39m[32mTypeOrmModule dependencies initialized[39m[38;5;3m +11ms[39m
[32m[Nest] 43952  - [39m17/02/2026, 5:13:37 pm [32m    LOG[39m [38;5;3m[InstanceLoader] [39m[32mPassportModule dependencies initialized[39m[38;5;3m +0ms[39m
[32m[Nest] 43952  - [39m17/02/2026, 5:13:37 pm [32m    LOG[39m [38;5;3m[InstanceLoader] [39m[32mMailerModule dependencies initialized[39m[38;5;3m +0ms[39m
[32m[Nest] 43952  - [39m17/02/2026, 5:13:37 pm [32m    LOG[39m [38;5;3m[InstanceLoader] [39m[32mConfigHostModule dependencies initialized[39m[38;5;3m +0ms[39m
[32m[Nest] 43952  - [39m17/02/2026, 5:13:37 pm [32m    LOG[39m [38;5;3m[InstanceLoader] [39m[32mJwtModule dependencies initialized[39m[38;5;3m +0ms[39m
[32m[Nest] 43952  - [39m17/02/2026, 5:13:37 pm [32m    LOG[39m [38;5;3m[InstanceLoader] [39m[32mDiscoveryModule dependencies initialized[39m[38;5;3m +0ms[39m
[32m[Nest] 43952  - [39m17/02/2026, 5:13:37 pm [32m    LOG[39m [38;5;3m[InstanceLoader] [39m[32mAppModule dependencies initialized[39m[38;5;3m +3ms[39m
[32m[Nest] 43952  - [39m17/02/2026, 5:13:37 pm [32m    LOG[39m [38;5;3m[InstanceLoader] [39m[32mConfigModule dependencies initialized[39m[38;5;3m +0ms[39m
[32m[Nest] 43952  - [39m17/02/2026, 5:13:37 pm [32m    LOG[39m [38;5;3m[InstanceLoader] [39m[32mConfigModule dependencies initialized[39m[38;5;3m +0ms[39m
[32m[Nest] 43952  - [39m17/02/2026, 5:13:37 pm [32m    LOG[39m [38;5;3m[InstanceLoader] [39m[32mScheduleModule dependencies initialized[39m[38;5;3m +0ms[39m
[32m[Nest] 43952  - [39m17/02/2026, 5:13:37 pm [32m    LOG[39m [38;5;3m[InstanceLoader] [39m[32mMailerCoreModule dependencies initialized[39m[38;5;3m +11ms[39m
node.exe : [31m[Nest] 43952  - [39m17/02/2026, 5:13:41 
pm [31m  ERROR[39m [38;5;3m[TypeOrmModule] 
[39m[31mUnable to connect to the database. Retrying 
(1)...[39m
At C:\Program Files\nodejs\npm.ps1:29 char:3
+   & $NODE_EXE $NPM_CLI_JS $args
+   ~~~~~~~~~~~~~~~~~~~~~~~~~~~~~
    + CategoryInfo          : NotSpecified: ([31m[Nest]  
   439...ing (1)...[39m:String) [], RemoteException
    + FullyQualifiedErrorId : NativeCommandError
 
TypeORMError: Entity metadata for Chapter#tasks was not 
found. Check if you specified a correct entity object and 
if it's connected in the connection options.
    at <anonymous> (C:\Users\USER\OneDrive\Desktop\Project
s\CodeDabba\CodeDabba_Website_1\CodeDabba\backend\node_mod
ules\typeorm\metadata-builder\src\metadata-builder\EntityM
etadataBuilder.ts:1128:23)
    at Array.forEach (<anonymous>)
    at EntityMetadataBuilder.computeInverseProperties (C:\
Users\USER\OneDrive\Desktop\Projects\CodeDabba\CodeDabba_W
ebsite_1\CodeDabba\backend\node_modules\typeorm\metadata-b
uilder\src\metadata-builder\EntityMetadataBuilder.ts:1118:
34)
    at <anonymous> (C:\Users\USER\OneDrive\Desktop\Project
s\CodeDabba\CodeDabba_Website_1\CodeDabba\backend\node_mod
ules\typeorm\metadata-builder\src\metadata-builder\EntityM
etadataBuilder.ts:160:18)
    at Array.forEach (<anonymous>)
    at EntityMetadataBuilder.build (C:\Users\USER\OneDrive
\Desktop\Projects\CodeDabba\CodeDabba_Website_1\CodeDabba\
backend\node_modules\typeorm\metadata-builder\src\metadata
-builder\EntityMetadataBuilder.ts:159:25)
    at ConnectionMetadataBuilder.buildEntityMetadatas (C:\
Users\USER\OneDrive\Desktop\Projects\CodeDabba\CodeDabba_W
ebsite_1\CodeDabba\backend\node_modules\typeorm\connection
\src\connection\ConnectionMetadataBuilder.ts:106:11)
    at process.processTicksAndRejections 
(node:internal/process/task_queues:105:5)
    at async DataSource.buildMetadatas (C:\Users\USER\OneD
rive\Desktop\Projects\CodeDabba\CodeDabba_Website_1\CodeDa
bba\backend\node_modules\typeorm\data-source\src\data-sour
ce\DataSource.ts:733:13)
    at async DataSource.initialize (C:\Users\USER\OneDrive
\Desktop\Projects\CodeDabba\CodeDabba_Website_1\CodeDabba\
backend\node_modules\typeorm\data-source\src\data-source\D
ataSource.ts:264:13)
[31m[Nest] 43952  - [39m17/02/2026, 5:13:46 pm [31m  
ERROR[39m [38;5;3m[TypeOrmModule] [39m[31mUnable to 
connect to the database. Retrying (2)...[39m
TypeORMError: Entity metadata for Chapter#tasks was not 
found. Check if you specified a correct entity object and 
if it's connected in the connection options.
    at <anonymous> (C:\Users\USER\OneDrive\Desktop\Project
s\CodeDabba\CodeDabba_Website_1\CodeDabba\backend\node_mod
ules\typeorm\metadata-builder\src\metadata-builder\EntityM
etadataBuilder.ts:1128:23)
    at Array.forEach (<anonymous>)
    at EntityMetadataBuilder.computeInverseProperties (C:\
Users\USER\OneDrive\Desktop\Projects\CodeDabba\CodeDabba_W
ebsite_1\CodeDabba\backend\node_modules\typeorm\metadata-b
uilder\src\metadata-builder\EntityMetadataBuilder.ts:1118:
34)
    at <anonymous> (C:\Users\USER\OneDrive\Desktop\Project
s\CodeDabba\CodeDabba_Website_1\CodeDabba\backend\node_mod
ules\typeorm\metadata-builder\src\metadata-builder\EntityM
etadataBuilder.ts:160:18)
    at Array.forEach (<anonymous>)
    at EntityMetadataBuilder.build (C:\Users\USER\OneDrive
\Desktop\Projects\CodeDabba\CodeDabba_Website_1\CodeDabba\
backend\node_modules\typeorm\metadata-builder\src\metadata
-builder\EntityMetadataBuilder.ts:159:25)
    at ConnectionMetadataBuilder.buildEntityMetadatas (C:\
Users\USER\OneDrive\Desktop\Projects\CodeDabba\CodeDabba_W
ebsite_1\CodeDabba\backend\node_modules\typeorm\connection
\src\connection\ConnectionMetadataBuilder.ts:106:11)
    at process.processTicksAndRejections 
(node:internal/process/task_queues:105:5)
    at async DataSource.buildMetadatas (C:\Users\USER\OneD
rive\Desktop\Projects\CodeDabba\CodeDabba_Website_1\CodeDa
bba\backend\node_modules\typeorm\data-source\src\data-sour
ce\DataSource.ts:733:13)
    at async DataSource.initialize (C:\Users\USER\OneDrive
\Desktop\Projects\CodeDabba\CodeDabba_Website_1\CodeDabba\
backend\node_modules\typeorm\data-source\src\data-source\D
ataSource.ts:264:13)
[31m[Nest] 43952  - [39m17/02/2026, 5:13:52 pm [31m  
ERROR[39m [38;5;3m[TypeOrmModule] [39m[31mUnable to 
connect to the database. Retrying (3)...[39m
TypeORMError: Entity metadata for Chapter#tasks was not 
found. Check if you specified a correct entity object and 
if it's connected in the connection options.
    at <anonymous> (C:\Users\USER\OneDrive\Desktop\Project
s\CodeDabba\CodeDabba_Website_1\CodeDabba\backend\node_mod
ules\typeorm\metadata-builder\src\metadata-builder\EntityM
etadataBuilder.ts:1128:23)
    at Array.forEach (<anonymous>)
    at EntityMetadataBuilder.computeInverseProperties (C:\
Users\USER\OneDrive\Desktop\Projects\CodeDabba\CodeDabba_W
ebsite_1\CodeDabba\backend\node_modules\typeorm\metadata-b
uilder\src\metadata-builder\EntityMetadataBuilder.ts:1118:
34)
    at <anonymous> (C:\Users\USER\OneDrive\Desktop\Project
s\CodeDabba\CodeDabba_Website_1\CodeDabba\backend\node_mod
ules\typeorm\metadata-builder\src\metadata-builder\EntityM
etadataBuilder.ts:160:18)
    at Array.forEach (<anonymous>)
    at EntityMetadataBuilder.build (C:\Users\USER\OneDrive
\Desktop\Projects\CodeDabba\CodeDabba_Website_1\CodeDabba\
backend\node_modules\typeorm\metadata-builder\src\metadata
-builder\EntityMetadataBuilder.ts:159:25)
    at ConnectionMetadataBuilder.buildEntityMetadatas (C:\
Users\USER\OneDrive\Desktop\Projects\CodeDabba\CodeDabba_W
ebsite_1\CodeDabba\backend\node_modules\typeorm\connection
\src\connection\ConnectionMetadataBuilder.ts:106:11)
    at process.processTicksAndRejections 
(node:internal/process/task_queues:105:5)
    at async DataSource.buildMetadatas (C:\Users\USER\OneD
rive\Desktop\Projects\CodeDabba\CodeDabba_Website_1\CodeDa
bba\backend\node_modules\typeorm\data-source\src\data-sour
ce\DataSource.ts:733:13)
    at async DataSource.initialize (C:\Users\USER\OneDrive
\Desktop\Projects\CodeDabba\CodeDabba_Website_1\CodeDabba\
backend\node_modules\typeorm\data-source\src\data-source\D
ataSource.ts:264:13)
[31m[Nest] 43952  - [39m17/02/2026, 5:13:58 pm [31m  
ERROR[39m [38;5;3m[TypeOrmModule] [39m[31mUnable to 
connect to the database. Retrying (4)...[39m
TypeORMError: Entity metadata for Chapter#tasks was not 
found. Check if you specified a correct entity object and 
if it's connected in the connection options.
    at <anonymous> (C:\Users\USER\OneDrive\Desktop\Project
s\CodeDabba\CodeDabba_Website_1\CodeDabba\backend\node_mod
ules\typeorm\metadata-builder\src\metadata-builder\EntityM
etadataBuilder.ts:1128:23)
    at Array.forEach (<anonymous>)
    at EntityMetadataBuilder.computeInverseProperties (C:\
Users\USER\OneDrive\Desktop\Projects\CodeDabba\CodeDabba_W
ebsite_1\CodeDabba\backend\node_modules\typeorm\metadata-b
uilder\src\metadata-builder\EntityMetadataBuilder.ts:1118:
34)
    at <anonymous> (C:\Users\USER\OneDrive\Desktop\Project
s\CodeDabba\CodeDabba_Website_1\CodeDabba\backend\node_mod
ules\typeorm\metadata-builder\src\metadata-builder\EntityM
etadataBuilder.ts:160:18)
    at Array.forEach (<anonymous>)
    at EntityMetadataBuilder.build (C:\Users\USER\OneDrive
\Desktop\Projects\CodeDabba\CodeDabba_Website_1\CodeDabba\
backend\node_modules\typeorm\metadata-builder\src\metadata
-builder\EntityMetadataBuilder.ts:159:25)
    at ConnectionMetadataBuilder.buildEntityMetadatas (C:\
Users\USER\OneDrive\Desktop\Projects\CodeDabba\CodeDabba_W
ebsite_1\CodeDabba\backend\node_modules\typeorm\connection
\src\connection\ConnectionMetadataBuilder.ts:106:11)
    at process.processTicksAndRejections 
(node:internal/process/task_queues:105:5)
    at async DataSource.buildMetadatas (C:\Users\USER\OneD
rive\Desktop\Projects\CodeDabba\CodeDabba_Website_1\CodeDa
bba\backend\node_modules\typeorm\data-source\src\data-sour
ce\DataSource.ts:733:13)
    at async DataSource.initialize (C:\Users\USER\OneDrive
\Desktop\Projects\CodeDabba\CodeDabba_Website_1\CodeDabba\
backend\node_modules\typeorm\data-source\src\data-source\D
ataSource.ts:264:13)
[31m[Nest] 43952  - [39m17/02/2026, 5:14:04 pm [31m  
ERROR[39m [38;5;3m[TypeOrmModule] [39m[31mUnable to 
connect to the database. Retrying (5)...[39m
TypeORMError: Entity metadata for Chapter#tasks was not 
found. Check if you specified a correct entity object and 
if it's connected in the connection options.
    at <anonymous> (C:\Users\USER\OneDrive\Desktop\Project
s\CodeDabba\CodeDabba_Website_1\CodeDabba\backend\node_mod
ules\typeorm\metadata-builder\src\metadata-builder\EntityM
etadataBuilder.ts:1128:23)
    at Array.forEach (<anonymous>)
    at EntityMetadataBuilder.computeInverseProperties (C:\
Users\USER\OneDrive\Desktop\Projects\CodeDabba\CodeDabba_W
ebsite_1\CodeDabba\backend\node_modules\typeorm\metadata-b
uilder\src\metadata-builder\EntityMetadataBuilder.ts:1118:
34)
    at <anonymous> (C:\Users\USER\OneDrive\Desktop\Project
s\CodeDabba\CodeDabba_Website_1\CodeDabba\backend\node_mod
ules\typeorm\metadata-builder\src\metadata-builder\EntityM
etadataBuilder.ts:160:18)
    at Array.forEach (<anonymous>)
    at EntityMetadataBuilder.build (C:\Users\USER\OneDrive
\Desktop\Projects\CodeDabba\CodeDabba_Website_1\CodeDabba\
backend\node_modules\typeorm\metadata-builder\src\metadata
-builder\EntityMetadataBuilder.ts:159:25)
    at ConnectionMetadataBuilder.buildEntityMetadatas (C:\
Users\USER\OneDrive\Desktop\Projects\CodeDabba\CodeDabba_W
ebsite_1\CodeDabba\backend\node_modules\typeorm\connection
\src\connection\ConnectionMetadataBuilder.ts:106:11)
    at process.processTicksAndRejections 
(node:internal/process/task_queues:105:5)
    at async DataSource.buildMetadatas (C:\Users\USER\OneD
rive\Desktop\Projects\CodeDabba\CodeDabba_Website_1\CodeDa
bba\backend\node_modules\typeorm\data-source\src\data-sour
ce\DataSource.ts:733:13)
    at async DataSource.initialize (C:\Users\USER\OneDrive
\Desktop\Projects\CodeDabba\CodeDabba_Website_1\CodeDabba\
backend\node_modules\typeorm\data-source\src\data-source\D
ataSource.ts:264:13)
[31m[Nest] 43952  - [39m17/02/2026, 5:14:09 pm [31m  
ERROR[39m [38;5;3m[TypeOrmModule] [39m[31mUnable to 
connect to the database. Retrying (6)...[39m
TypeORMError: Entity metadata for Chapter#tasks was not 
found. Check if you specified a correct entity object and 
if it's connected in the connection options.
    at <anonymous> (C:\Users\USER\OneDrive\Desktop\Project
s\CodeDabba\CodeDabba_Website_1\CodeDabba\backend\node_mod
ules\typeorm\metadata-builder\src\metadata-builder\EntityM
etadataBuilder.ts:1128:23)
    at Array.forEach (<anonymous>)
    at EntityMetadataBuilder.computeInverseProperties (C:\
Users\USER\OneDrive\Desktop\Projects\CodeDabba\CodeDabba_W
ebsite_1\CodeDabba\backend\node_modules\typeorm\metadata-b
uilder\src\metadata-builder\EntityMetadataBuilder.ts:1118:
34)
    at <anonymous> (C:\Users\USER\OneDrive\Desktop\Project
s\CodeDabba\CodeDabba_Website_1\CodeDabba\backend\node_mod
ules\typeorm\metadata-builder\src\metadata-builder\EntityM
etadataBuilder.ts:160:18)
    at Array.forEach (<anonymous>)
    at EntityMetadataBuilder.build (C:\Users\USER\OneDrive
\Desktop\Projects\CodeDabba\CodeDabba_Website_1\CodeDabba\
backend\node_modules\typeorm\metadata-builder\src\metadata
-builder\EntityMetadataBuilder.ts:159:25)
    at ConnectionMetadataBuilder.buildEntityMetadatas (C:\
Users\USER\OneDrive\Desktop\Projects\CodeDabba\CodeDabba_W
ebsite_1\CodeDabba\backend\node_modules\typeorm\connection
\src\connection\ConnectionMetadataBuilder.ts:106:11)
    at process.processTicksAndRejections 
(node:internal/process/task_queues:105:5)
    at async DataSource.buildMetadatas (C:\Users\USER\OneD
rive\Desktop\Projects\CodeDabba\CodeDabba_Website_1\CodeDa
bba\backend\node_modules\typeorm\data-source\src\data-sour
ce\DataSource.ts:733:13)
    at async DataSource.initialize (C:\Users\USER\OneDrive
\Desktop\Projects\CodeDabba\CodeDabba_Website_1\CodeDabba\
backend\node_modules\typeorm\data-source\src\data-source\D
ataSource.ts:264:13)
[31m[Nest] 43952  - [39m17/02/2026, 5:14:15 pm [31m  
ERROR[39m [38;5;3m[TypeOrmModule] [39m[31mUnable to 
connect to the database. Retrying (7)...[39m
TypeORMError: Entity metadata for Chapter#tasks was not 
found. Check if you specified a correct entity object and 
if it's connected in the connection options.
    at <anonymous> (C:\Users\USER\OneDrive\Desktop\Project
s\CodeDabba\CodeDabba_Website_1\CodeDabba\backend\node_mod
ules\typeorm\metadata-builder\src\metadata-builder\EntityM
etadataBuilder.ts:1128:23)
    at Array.forEach (<anonymous>)
    at EntityMetadataBuilder.computeInverseProperties (C:\
Users\USER\OneDrive\Desktop\Projects\CodeDabba\CodeDabba_W
ebsite_1\CodeDabba\backend\node_modules\typeorm\metadata-b
uilder\src\metadata-builder\EntityMetadataBuilder.ts:1118:
34)
    at <anonymous> (C:\Users\USER\OneDrive\Desktop\Project
s\CodeDabba\CodeDabba_Website_1\CodeDabba\backend\node_mod
ules\typeorm\metadata-builder\src\metadata-builder\EntityM
etadataBuilder.ts:160:18)
    at Array.forEach (<anonymous>)
    at EntityMetadataBuilder.build (C:\Users\USER\OneDrive
\Desktop\Projects\CodeDabba\CodeDabba_Website_1\CodeDabba\
backend\node_modules\typeorm\metadata-builder\src\metadata
-builder\EntityMetadataBuilder.ts:159:25)
    at ConnectionMetadataBuilder.buildEntityMetadatas (C:\
Users\USER\OneDrive\Desktop\Projects\CodeDabba\CodeDabba_W
ebsite_1\CodeDabba\backend\node_modules\typeorm\connection
\src\connection\ConnectionMetadataBuilder.ts:106:11)
    at process.processTicksAndRejections 
(node:internal/process/task_queues:105:5)
    at async DataSource.buildMetadatas (C:\Users\USER\OneD
rive\Desktop\Projects\CodeDabba\CodeDabba_Website_1\CodeDa
bba\backend\node_modules\typeorm\data-source\src\data-sour
ce\DataSource.ts:733:13)
    at async DataSource.initialize (C:\Users\USER\OneDrive
\Desktop\Projects\CodeDabba\CodeDabba_Website_1\CodeDabba\
backend\node_modules\typeorm\data-source\src\data-source\D
ataSource.ts:264:13)
[31m[Nest] 43952  - [39m17/02/2026, 5:14:21 pm [31m  
ERROR[39m [38;5;3m[TypeOrmModule] [39m[31mUnable to 
connect to the database. Retrying (8)...[39m
TypeORMError: Entity metadata for Chapter#tasks was not 
found. Check if you specified a correct entity object and 
if it's connected in the connection options.
    at <anonymous> (C:\Users\USER\OneDrive\Desktop\Project
s\CodeDabba\CodeDabba_Website_1\CodeDabba\backend\node_mod
ules\typeorm\metadata-builder\src\metadata-builder\EntityM
etadataBuilder.ts:1128:23)
    at Array.forEach (<anonymous>)
    at EntityMetadataBuilder.computeInverseProperties (C:\
Users\USER\OneDrive\Desktop\Projects\CodeDabba\CodeDabba_W
ebsite_1\CodeDabba\backend\node_modules\typeorm\metadata-b
uilder\src\metadata-builder\EntityMetadataBuilder.ts:1118:
34)
    at <anonymous> (C:\Users\USER\OneDrive\Desktop\Project
s\CodeDabba\CodeDabba_Website_1\CodeDabba\backend\node_mod
ules\typeorm\metadata-builder\src\metadata-builder\EntityM
etadataBuilder.ts:160:18)
    at Array.forEach (<anonymous>)
    at EntityMetadataBuilder.build (C:\Users\USER\OneDrive
\Desktop\Projects\CodeDabba\CodeDabba_Website_1\CodeDabba\
backend\node_modules\typeorm\metadata-builder\src\metadata
-builder\EntityMetadataBuilder.ts:159:25)
    at ConnectionMetadataBuilder.buildEntityMetadatas (C:\
Users\USER\OneDrive\Desktop\Projects\CodeDabba\CodeDabba_W
ebsite_1\CodeDabba\backend\node_modules\typeorm\connection
\src\connection\ConnectionMetadataBuilder.ts:106:11)
    at process.processTicksAndRejections 
(node:internal/process/task_queues:105:5)
    at async DataSource.buildMetadatas (C:\Users\USER\OneD
rive\Desktop\Projects\CodeDabba\CodeDabba_Website_1\CodeDa
bba\backend\node_modules\typeorm\data-source\src\data-sour
ce\DataSource.ts:733:13)
    at async DataSource.initialize (C:\Users\USER\OneDrive
\Desktop\Projects\CodeDabba\CodeDabba_Website_1\CodeDabba\
backend\node_modules\typeorm\data-source\src\data-source\D
ataSource.ts:264:13)
[31m[Nest] 43952  - [39m17/02/2026, 5:14:30 pm [31m  
ERROR[39m [38;5;3m[TypeOrmModule] [39m[31mUnable to 
connect to the database. Retrying (9)...[39m
TypeORMError: Entity metadata for Chapter#tasks was not 
found. Check if you specified a correct entity object and 
if it's connected in the connection options.
    at <anonymous> (C:\Users\USER\OneDrive\Desktop\Project
s\CodeDabba\CodeDabba_Website_1\CodeDabba\backend\node_mod
ules\typeorm\metadata-builder\src\metadata-builder\EntityM
etadataBuilder.ts:1128:23)
    at Array.forEach (<anonymous>)
    at EntityMetadataBuilder.computeInverseProperties (C:\
Users\USER\OneDrive\Desktop\Projects\CodeDabba\CodeDabba_W
ebsite_1\CodeDabba\backend\node_modules\typeorm\metadata-b
uilder\src\metadata-builder\EntityMetadataBuilder.ts:1118:
34)
    at <anonymous> (C:\Users\USER\OneDrive\Desktop\Project
s\CodeDabba\CodeDabba_Website_1\CodeDabba\backend\node_mod
ules\typeorm\metadata-builder\src\metadata-builder\EntityM
etadataBuilder.ts:160:18)
    at Array.forEach (<anonymous>)
    at EntityMetadataBuilder.build (C:\Users\USER\OneDrive
\Desktop\Projects\CodeDabba\CodeDabba_Website_1\CodeDabba\
backend\node_modules\typeorm\metadata-builder\src\metadata
-builder\EntityMetadataBuilder.ts:159:25)
    at ConnectionMetadataBuilder.buildEntityMetadatas (C:\
Users\USER\OneDrive\Desktop\Projects\CodeDabba\CodeDabba_W
ebsite_1\CodeDabba\backend\node_modules\typeorm\connection
\src\connection\ConnectionMetadataBuilder.ts:106:11)
    at process.processTicksAndRejections 
(node:internal/process/task_queues:105:5)
    at async DataSource.buildMetadatas (C:\Users\USER\OneD
rive\Desktop\Projects\CodeDabba\CodeDabba_Website_1\CodeDa
bba\backend\node_modules\typeorm\data-source\src\data-sour
ce\DataSource.ts:733:13)
    at async DataSource.initialize (C:\Users\USER\OneDrive
\Desktop\Projects\CodeDabba\CodeDabba_Website_1\CodeDabba\
backend\node_modules\typeorm\data-source\src\data-source\D
ataSource.ts:264:13)
[31m[Nest] 43952  - [39m17/02/2026, 5:14:30 pm [31m  
ERROR[39m [38;5;3m[ExceptionHandler] [39mTypeORMError: 
Entity metadata for Chapter#tasks was not found. Check if 
you specified a correct entity object and if it's 
connected in the connection options.
    at <anonymous> [90m(C:\Users\USER\OneDrive\Desktop\Pr
ojects\CodeDabba\CodeDabba_Website_1\CodeDabba\backend\[3
9mnode_modules\[4mtypeorm[24m\metadata-builder\src\metad
ata-builder\EntityMetadataBuilder.ts:1128:23[90m)[39m
    at Array.forEach (<anonymous>)
    at EntityMetadataBuilder.computeInverseProperties [90
m(C:\Users\USER\OneDrive\Desktop\Projects\CodeDabba\CodeDa
bba_Website_1\CodeDabba\backend\[39mnode_modules\[4mtype
orm[24m\metadata-builder\src\metadata-builder\EntityMetad
ataBuilder.ts:1118:34[90m)[39m
    at <anonymous> [90m(C:\Users\USER\OneDrive\Desktop\Pr
ojects\CodeDabba\CodeDabba_Website_1\CodeDabba\backend\[3
9mnode_modules\[4mtypeorm[24m\metadata-builder\src\metad
ata-builder\EntityMetadataBuilder.ts:160:18[90m)[39m
    at Array.forEach (<anonymous>)
    at EntityMetadataBuilder.build [90m(C:\Users\USER\One
Drive\Desktop\Projects\CodeDabba\CodeDabba_Website_1\CodeD
abba\backend\[39mnode_modules\[4mtypeorm[24m\metadata-b
uilder\src\metadata-builder\EntityMetadataBuilder.ts:159:2
5[90m)[39m
    at ConnectionMetadataBuilder.buildEntityMetadatas [90
m(C:\Users\USER\OneDrive\Desktop\Projects\CodeDabba\CodeDa
bba_Website_1\CodeDabba\backend\[39mnode_modules\[4mtype
orm[24m\connection\src\connection\ConnectionMetadataBuild
er.ts:106:11[90m)[39m
[90m    at process.processTicksAndRejections 
(node:internal/process/task_queues:105:5)[39m
    at async DataSource.buildMetadatas [90m(C:\Users\USER
\OneDrive\Desktop\Projects\CodeDabba\CodeDabba_Website_1\C
odeDabba\backend\[39mnode_modules\[4mtypeorm[24m\data-s
ource\src\data-source\DataSource.ts:733:13[90m)[39m
    at async DataSource.initialize [90m(C:\Users\USER\One
Drive\Desktop\Projects\CodeDabba\CodeDabba_Website_1\CodeD
abba\backend\[39mnode_modules\[4mtypeorm[24m\data-sourc
e\src\data-source\DataSource.ts:264:13[90m)[39m
[2J[3J[H[[90m5:14:45 pm[0m] File change detected. Starting incremental compilation...

[96msrc/app.module.ts[0m:[93m66[0m:[93m5[0m - [91merror[0m[90m TS2304: [0mCannot find name 'ChaptersModule'.

[7m66[0m     ChaptersModule,
[7m  [0m [91m    ~~~~~~~~~~~~~~[0m

[[90m5:14:45 pm[0m] Found 1 error. Watching for file changes.

[2J[3J[H[[90m5:15:30 pm[0m] File change detected. Starting incremental compilation...

[[90m5:15:30 pm[0m] Found 0 errors. Watching for file changes.

[dotenv@17.3.1] injecting env (16) from .env -- tip: ΓÜÖ∩╕Å  enable debug logging with { debug: true }
Main.ts environment check: { CLOUDINARY_CLOUD_NAME: 'dnqqock8h', ENV_LOADED: true }
[32m[Nest] 44020  - [39m17/02/2026, 5:15:33 pm [32m    LOG[39m [38;5;3m[NestFactory] [39m[32mStarting Nest application...[39m
[32m[Nest] 44020  - [39m17/02/2026, 5:15:33 pm [32m    LOG[39m [38;5;3m[InstanceLoader] [39m[32mTypeOrmModule dependencies initialized[39m[38;5;3m +16ms[39m
[32m[Nest] 44020  - [39m17/02/2026, 5:15:33 pm [32m    LOG[39m [38;5;3m[InstanceLoader] [39m[32mPassportModule dependencies initialized[39m[38;5;3m +1ms[39m
[32m[Nest] 44020  - [39m17/02/2026, 5:15:33 pm [32m    LOG[39m [38;5;3m[InstanceLoader] [39m[32mMailerModule dependencies initialized[39m[38;5;3m +0ms[39m
[32m[Nest] 44020  - [39m17/02/2026, 5:15:33 pm [32m    LOG[39m [38;5;3m[InstanceLoader] [39m[32mConfigHostModule dependencies initialized[39m[38;5;3m +0ms[39m
[32m[Nest] 44020  - [39m17/02/2026, 5:15:33 pm [32m    LOG[39m [38;5;3m[InstanceLoader] [39m[32mJwtModule dependencies initialized[39m[38;5;3m +0ms[39m
[32m[Nest] 44020  - [39m17/02/2026, 5:15:33 pm [32m    LOG[39m [38;5;3m[InstanceLoader] [39m[32mDiscoveryModule dependencies initialized[39m[38;5;3m +0ms[39m
[32m[Nest] 44020  - [39m17/02/2026, 5:15:33 pm [32m    LOG[39m [38;5;3m[InstanceLoader] [39m[32mAppModule dependencies initialized[39m[38;5;3m +4ms[39m
[32m[Nest] 44020  - [39m17/02/2026, 5:15:33 pm [32m    LOG[39m [38;5;3m[InstanceLoader] [39m[32mConfigModule dependencies initialized[39m[38;5;3m +0ms[39m
[32m[Nest] 44020  - [39m17/02/2026, 5:15:33 pm [32m    LOG[39m [38;5;3m[InstanceLoader] [39m[32mConfigModule dependencies initialized[39m[38;5;3m +0ms[39m
[32m[Nest] 44020  - [39m17/02/2026, 5:15:33 pm [32m    LOG[39m [38;5;3m[InstanceLoader] [39m[32mScheduleModule dependencies initialized[39m[38;5;3m +0ms[39m
[32m[Nest] 44020  - [39m17/02/2026, 5:15:33 pm [32m    LOG[39m [38;5;3m[InstanceLoader] [39m[32mMailerCoreModule dependencies initialized[39m[38;5;3m +16ms[39m
[31m[Nest] 44020  - [39m17/02/2026, 5:15:48 pm [31m  
ERROR[39m [38;5;3m[TypeOrmModule] [39m[31mUnable to 
connect to the database. Retrying (1)...[39m
QueryFailedError: duplicate key value violates unique 
constraint "pg_type_typname_nsp_index"
    at PostgresQueryRunner.query (C:\Users\USER\OneDrive\D
esktop\Projects\CodeDabba\CodeDabba_Website_1\CodeDabba\ba
ckend\node_modules\typeorm\driver\src\driver\postgres\Post
gresQueryRunner.ts:325:19)
    at process.processTicksAndRejections 
(node:internal/process/task_queues:105:5)
    at async PostgresQueryRunner.executeQueries (C:\Users\
USER\OneDrive\Desktop\Projects\CodeDabba\CodeDabba_Website
_1\CodeDabba\backend\node_modules\typeorm\query-runner\src
\query-runner\BaseQueryRunner.ts:681:13)
    at async PostgresQueryRunner.createTable (C:\Users\USE
R\OneDrive\Desktop\Projects\CodeDabba\CodeDabba_Website_1\
CodeDabba\backend\node_modules\typeorm\driver\src\driver\p
ostgres\PostgresQueryRunner.ts:616:9)
    at async RdbmsSchemaBuilder.createNewTables (C:\Users\
USER\OneDrive\Desktop\Projects\CodeDabba\CodeDabba_Website
_1\CodeDabba\backend\node_modules\typeorm\schema-builder\s
rc\schema-builder\RdbmsSchemaBuilder.ts:635:13)
    at async RdbmsSchemaBuilder.executeSchemaSyncOperation
sInProperOrder (C:\Users\USER\OneDrive\Desktop\Projects\Co
deDabba\CodeDabba_Website_1\CodeDabba\backend\node_modules
\typeorm\schema-builder\src\schema-builder\RdbmsSchemaBuil
der.ts:225:9)
    at async RdbmsSchemaBuilder.build (C:\Users\USER\OneDr
ive\Desktop\Projects\CodeDabba\CodeDabba_Website_1\CodeDab
ba\backend\node_modules\typeorm\schema-builder\src\schema-
builder\RdbmsSchemaBuilder.ts:95:13)
    at async DataSource.synchronize (C:\Users\USER\OneDriv
e\Desktop\Projects\CodeDabba\CodeDabba_Website_1\CodeDabba
\backend\node_modules\typeorm\data-source\src\data-source\
DataSource.ts:340:9)
    at async DataSource.initialize (C:\Users\USER\OneDrive
\Desktop\Projects\CodeDabba\CodeDabba_Website_1\CodeDabba\
backend\node_modules\typeorm\data-source\src\data-source\D
ataSource.ts:278:43)
[32m[Nest] 44020  - [39m17/02/2026, 5:16:06 pm [32m    LOG[39m [38;5;3m[InstanceLoader] [39m[32mTypeOrmCoreModule dependencies initialized[39m[38;5;3m +17690ms[39m
[32m[Nest] 44020  - [39m17/02/2026, 5:16:06 pm [32m    LOG[39m [38;5;3m[InstanceLoader] [39m[32mTypeOrmModule dependencies initialized[39m[38;5;3m +0ms[39m
[32m[Nest] 44020  - [39m17/02/2026, 5:16:06 pm [32m    LOG[39m [38;5;3m[InstanceLoader] [39m[32mTypeOrmModule dependencies initialized[39m[38;5;3m +0ms[39m
[32m[Nest] 44020  - [39m17/02/2026, 5:16:06 pm [32m    LOG[39m [38;5;3m[InstanceLoader] [39m[32mTypeOrmModule dependencies initialized[39m[38;5;3m +0ms[39m
[32m[Nest] 44020  - [39m17/02/2026, 5:16:06 pm [32m    LOG[39m [38;5;3m[InstanceLoader] [39m[32mTypeOrmModule dependencies initialized[39m[38;5;3m +0ms[39m
[32m[Nest] 44020  - [39m17/02/2026, 5:16:06 pm [32m    LOG[39m [38;5;3m[InstanceLoader] [39m[32mTypeOrmModule dependencies initialized[39m[38;5;3m +0ms[39m
[32m[Nest] 44020  - [39m17/02/2026, 5:16:06 pm [32m    LOG[39m [38;5;3m[InstanceLoader] [39m[32mTypeOrmModule dependencies initialized[39m[38;5;3m +0ms[39m
[32m[Nest] 44020  - [39m17/02/2026, 5:16:06 pm [32m    LOG[39m [38;5;3m[InstanceLoader] [39m[32mTypeOrmModule dependencies initialized[39m[38;5;3m +0ms[39m
[32m[Nest] 44020  - [39m17/02/2026, 5:16:06 pm [32m    LOG[39m [38;5;3m[InstanceLoader] [39m[32mOtpModule dependencies initialized[39m[38;5;3m +3ms[39m
[32m[Nest] 44020  - [39m17/02/2026, 5:16:06 pm [32m    LOG[39m [38;5;3m[InstanceLoader] [39m[32mUsersModule dependencies initialized[39m[38;5;3m +3ms[39m
[32m[Nest] 44020  - [39m17/02/2026, 5:16:06 pm [32m    LOG[39m [38;5;3m[InstanceLoader] [39m[32mCoursesModule dependencies initialized[39m[38;5;3m +0ms[39m
[32m[Nest] 44020  - [39m17/02/2026, 5:16:06 pm [32m    LOG[39m [38;5;3m[InstanceLoader] [39m[32mChaptersModule dependencies initialized[39m[38;5;3m +0ms[39m
[32m[Nest] 44020  - [39m17/02/2026, 5:16:06 pm [32m    LOG[39m [38;5;3m[InstanceLoader] [39m[32mTasksModule dependencies initialized[39m[38;5;3m +0ms[39m
[32m[Nest] 44020  - [39m17/02/2026, 5:16:06 pm [32m    LOG[39m [38;5;3m[InstanceLoader] [39m[32mMentorApplicationsModule dependencies initialized[39m[38;5;3m +0ms[39m
[32m[Nest] 44020  - [39m17/02/2026, 5:16:06 pm [32m    LOG[39m [38;5;3m[InstanceLoader] [39m[32mAuthModule dependencies initialized[39m[38;5;3m +0ms[39m
[32m[Nest] 44020  - [39m17/02/2026, 5:16:06 pm [32m    LOG[39m [38;5;3m[RoutesResolver] [39m[32mAppController {/api} (version: 1):[39m[38;5;3m +5ms[39m
[32m[Nest] 44020  - [39m17/02/2026, 5:16:06 pm [32m    LOG[39m [38;5;3m[RouterExplorer] [39m[32mMapped {/api, GET} (version: 1) route[39m[38;5;3m +6ms[39m
[32m[Nest] 44020  - [39m17/02/2026, 5:16:06 pm [32m    LOG[39m [38;5;3m[RoutesResolver] [39m[32mUsersController {/api/users} (version: 1):[39m[38;5;3m +0ms[39m
[32m[Nest] 44020  - [39m17/02/2026, 5:16:06 pm [32m    LOG[39m [38;5;3m[RouterExplorer] [39m[32mMapped {/api/users/me, GET} (version: 1) route[39m[38;5;3m +2ms[39m
[32m[Nest] 44020  - [39m17/02/2026, 5:16:06 pm [32m    LOG[39m [38;5;3m[RouterExplorer] [39m[32mMapped {/api/users/admin-dashboard, GET} (version: 1) route[39m[38;5;3m +0ms[39m
[32m[Nest] 44020  - [39m17/02/2026, 5:16:06 pm [32m    LOG[39m [38;5;3m[RouterExplorer] [39m[32mMapped {/api/users/mentor-dashboard, GET} (version: 1) route[39m[38;5;3m +1ms[39m
[32m[Nest] 44020  - [39m17/02/2026, 5:16:06 pm [32m    LOG[39m [38;5;3m[RouterExplorer] [39m[32mMapped {/api/users, POST} (version: 1) route[39m[38;5;3m +0ms[39m
[32m[Nest] 44020  - [39m17/02/2026, 5:16:06 pm [32m    LOG[39m [38;5;3m[RoutesResolver] [39m[32mAuthController {/api/auth} (version: 1):[39m[38;5;3m +0ms[39m
[32m[Nest] 44020  - [39m17/02/2026, 5:16:06 pm [32m    LOG[39m [38;5;3m[RouterExplorer] [39m[32mMapped {/api/auth/login, POST} (version: 1) route[39m[38;5;3m +0ms[39m
[32m[Nest] 44020  - [39m17/02/2026, 5:16:06 pm [32m    LOG[39m [38;5;3m[RouterExplorer] [39m[32mMapped {/api/auth/register, POST} (version: 1) route[39m[38;5;3m +1ms[39m
[32m[Nest] 44020  - [39m17/02/2026, 5:16:06 pm [32m    LOG[39m [38;5;3m[RouterExplorer] [39m[32mMapped {/api/auth/logout, POST} (version: 1) route[39m[38;5;3m +0ms[39m
[32m[Nest] 44020  - [39m17/02/2026, 5:16:06 pm [32m    LOG[39m [38;5;3m[RouterExplorer] [39m[32mMapped {/api/auth/refresh, POST} (version: 1) route[39m[38;5;3m +0ms[39m
[32m[Nest] 44020  - [39m17/02/2026, 5:16:06 pm [32m    LOG[39m [38;5;3m[RouterExplorer] [39m[32mMapped {/api/auth/google, POST} (version: 1) route[39m[38;5;3m +1ms[39m
[32m[Nest] 44020  - [39m17/02/2026, 5:16:06 pm [32m    LOG[39m [38;5;3m[RouterExplorer] [39m[32mMapped {/api/auth/set-password, POST} (version: 1) route[39m[38;5;3m +0ms[39m
[32m[Nest] 44020  - [39m17/02/2026, 5:16:06 pm [32m    LOG[39m [38;5;3m[RoutesResolver] [39m[32mMentorApplicationsController {/api/mentor-applications} (version: 1):[39m[38;5;3m +0ms[39m
[32m[Nest] 44020  - [39m17/02/2026, 5:16:06 pm [32m    LOG[39m [38;5;3m[RouterExplorer] [39m[32mMapped {/api/mentor-applications, POST} (version: 1) route[39m[38;5;3m +0ms[39m
[32m[Nest] 44020  - [39m17/02/2026, 5:16:06 pm [32m    LOG[39m [38;5;3m[RouterExplorer] [39m[32mMapped {/api/mentor-applications, GET} (version: 1) route[39m[38;5;3m +0ms[39m
[32m[Nest] 44020  - [39m17/02/2026, 5:16:06 pm [32m    LOG[39m [38;5;3m[RouterExplorer] [39m[32mMapped {/api/mentor-applications/:id/approve, POST} (version: 1) route[39m[38;5;3m +1ms[39m
[32m[Nest] 44020  - [39m17/02/2026, 5:16:06 pm [32m    LOG[39m [38;5;3m[RouterExplorer] [39m[32mMapped {/api/mentor-applications/:id/reject, POST} (version: 1) route[39m[38;5;3m +0ms[39m
[32m[Nest] 44020  - [39m17/02/2026, 5:16:06 pm [32m    LOG[39m [38;5;3m[RoutesResolver] [39m[32mOtpController {/api/otp} (version: 1):[39m[38;5;3m +0ms[39m
[32m[Nest] 44020  - [39m17/02/2026, 5:16:06 pm [32m    LOG[39m [38;5;3m[RouterExplorer] [39m[32mMapped {/api/otp/send, POST} (version: 1) route[39m[38;5;3m +0ms[39m
[32m[Nest] 44020  - [39m17/02/2026, 5:16:06 pm [32m    LOG[39m [38;5;3m[RouterExplorer] [39m[32mMapped {/api/otp/verify, POST} (version: 1) route[39m[38;5;3m +0ms[39m
[32m[Nest] 44020  - [39m17/02/2026, 5:16:06 pm [32m    LOG[39m [38;5;3m[RoutesResolver] [39m[32mCoursesController {/api/courses} (version: 1):[39m[38;5;3m +0ms[39m
[32m[Nest] 44020  - [39m17/02/2026, 5:16:06 pm [32m    LOG[39m [38;5;3m[RouterExplorer] [39m[32mMapped {/api/courses, GET} (version: 1) route[39m[38;5;3m +1ms[39m
[32m[Nest] 44020  - [39m17/02/2026, 5:16:06 pm [32m    LOG[39m [38;5;3m[RouterExplorer] [39m[32mMapped {/api/courses/my-courses, GET} (version: 1) route[39m[38;5;3m +0ms[39m
[32m[Nest] 44020  - [39m17/02/2026, 5:16:06 pm [32m    LOG[39m [38;5;3m[RouterExplorer] [39m[32mMapped {/api/courses/:id, GET} (version: 1) route[39m[38;5;3m +0ms[39m
[32m[Nest] 44020  - [39m17/02/2026, 5:16:06 pm [32m    LOG[39m [38;5;3m[RouterExplorer] [39m[32mMapped {/api/courses/upload-thumbnail, POST} (version: 1) route[39m[38;5;3m +0ms[39m
[32m[Nest] 44020  - [39m17/02/2026, 5:16:06 pm [32m    LOG[39m [38;5;3m[RouterExplorer] [39m[32mMapped {/api/courses, POST} (version: 1) route[39m[38;5;3m +0ms[39m
[32m[Nest] 44020  - [39m17/02/2026, 5:16:06 pm [32m    LOG[39m [38;5;3m[RouterExplorer] [39m[32mMapped {/api/courses/:id/modules, POST} (version: 1) route[39m[38;5;3m +1ms[39m
[32m[Nest] 44020  - [39m17/02/2026, 5:16:06 pm [32m    LOG[39m [38;5;3m[RouterExplorer] [39m[32mMapped {/api/courses/modules/:moduleId/chapters, POST} (version: 1) route[39m[38;5;3m +0ms[39m
[32m[Nest] 44020  - [39m17/02/2026, 5:16:06 pm [32m    LOG[39m [38;5;3m[RouterExplorer] [39m[32mMapped {/api/courses/chapters/:chapterId/blocks, POST} (version: 1) route[39m[38;5;3m +0ms[39m
[32m[Nest] 44020  - [39m17/02/2026, 5:16:06 pm [32m    LOG[39m [38;5;3m[RouterExplorer] [39m[32mMapped {/api/courses/:id/modules/reorder, PATCH} (version: 1) route[39m[38;5;3m +0ms[39m
[32m[Nest] 44020  - [39m17/02/2026, 5:16:06 pm [32m    LOG[39m [38;5;3m[RouterExplorer] [39m[32mMapped {/api/courses/modules/:moduleId/chapters/reorder, PATCH} (version: 1) route[39m[38;5;3m +0ms[39m
[32m[Nest] 44020  - [39m17/02/2026, 5:16:06 pm [32m    LOG[39m [38;5;3m[RouterExplorer] [39m[32mMapped {/api/courses/chapters/:chapterId/blocks/reorder, PATCH} (version: 1) route[39m[38;5;3m +1ms[39m
[32m[Nest] 44020  - [39m17/02/2026, 5:16:06 pm [32m    LOG[39m [38;5;3m[RoutesResolver] [39m[32mChaptersController {/api/chapters} (version: 1):[39m[38;5;3m +0ms[39m
[32m[Nest] 44020  - [39m17/02/2026, 5:16:06 pm [32m    LOG[39m [38;5;3m[RouterExplorer] [39m[32mMapped {/api/chapters/:id, GET} (version: 1) route[39m[38;5;3m +1ms[39m
[32m[Nest] 44020  - [39m17/02/2026, 5:16:06 pm [32m    LOG[39m [38;5;3m[RouterExplorer] [39m[32mMapped {/api/chapters/:id/blocks, POST} (version: 1) route[39m[38;5;3m +0ms[39m
[32m[Nest] 44020  - [39m17/02/2026, 5:16:06 pm [32m    LOG[39m [38;5;3m[RouterExplorer] [39m[32mMapped {/api/chapters/:id/blocks/reorder, PATCH} (version: 1) route[39m[38;5;3m +1ms[39m
[32m[Nest] 44020  - [39m17/02/2026, 5:16:06 pm [32m    LOG[39m [38;5;3m[RouterExplorer] [39m[32mMapped {/api/chapters/:id/blocks/:blockId, DELETE} (version: 1) route[39m[38;5;3m +0ms[39m
[32m[Nest] 44020  - [39m17/02/2026, 5:16:06 pm [32m    LOG[39m [38;5;3m[RouterExplorer] [39m[32mMapped {/api/chapters/:id/blocks/:blockId, PATCH} (version: 1) route[39m[38;5;3m +0ms[39m
[32m[Nest] 44020  - [39m17/02/2026, 5:16:06 pm [32m    LOG[39m [38;5;3m[RouterExplorer] [39m[32mMapped {/api/chapters/upload-signature, POST} (version: 1) route[39m[38;5;3m +0ms[39m
[32m[Nest] 44020  - [39m17/02/2026, 5:16:06 pm [32m    LOG[39m [38;5;3m[RoutesResolver] [39m[32mTasksController {/api/chapters/:chapterId/tasks} (version: 1):[39m[38;5;3m +0ms[39m
[32m[Nest] 44020  - [39m17/02/2026, 5:16:06 pm [32m    LOG[39m [38;5;3m[RouterExplorer] [39m[32mMapped {/api/chapters/:chapterId/tasks, POST} (version: 1) route[39m[38;5;3m +1ms[39m
[32m[Nest] 44020  - [39m17/02/2026, 5:16:06 pm [32m    LOG[39m [38;5;3m[RouterExplorer] [39m[32mMapped {/api/chapters/:chapterId/tasks, GET} (version: 1) route[39m[38;5;3m +0ms[39m
[32m[Nest] 44020  - [39m17/02/2026, 5:16:06 pm [32m    LOG[39m [38;5;3m[RouterExplorer] [39m[32mMapped {/api/chapters/:chapterId/tasks/reorder, PATCH} (version: 1) route[39m[38;5;3m +0ms[39m
[32m[Nest] 44020  - [39m17/02/2026, 5:16:06 pm [32m    LOG[39m [38;5;3m[RouterExplorer] [39m[32mMapped {/api/chapters/:chapterId/tasks/:id, PATCH} (version: 1) route[39m[38;5;3m +0ms[39m
[32m[Nest] 44020  - [39m17/02/2026, 5:16:06 pm [32m    LOG[39m [38;5;3m[RouterExplorer] [39m[32mMapped {/api/chapters/:chapterId/tasks/:id, DELETE} (version: 1) route[39m[38;5;3m +0ms[39m
[32m[Nest] 44020  - [39m17/02/2026, 5:16:06 pm [32m    LOG[39m [38;5;3m[NestApplication] [39m[32mNest application successfully started[39m[38;5;3m +13ms[39m
[31m[Nest] 44020  - [39m17/02/2026, 5:16:06 pm [31m  
ERROR[39m [38;5;3m[NestApplication] [39m[31mError: 
listen EADDRINUSE: address already in use 
:::5000[39m[38;5;3m +1ms[39m
node:net:1939
    const ex = new UVExceptionWithHostPort(err, 'listen', 
address, port);
               ^

Error: listen EADDRINUSE: address already in use :::5000
    at Server.setupListenHandle [as _listen2] 
(node:net:1939:16)
    at listenInCluster (node:net:1996:12)
    at Server.listen (node:net:2101:7)
    at ExpressAdapter.listen (C:\Users\USER\OneDrive\Deskt
op\Projects\CodeDabba\CodeDabba_Website_1\CodeDabba\backen
d\node_modules\@nestjs\platform-express\adapters\express-a
dapter.js:127:32)
    at C:\Users\USER\OneDrive\Desktop\Projects\CodeDabba\C
odeDabba_Website_1\CodeDabba\backend\node_modules\@nestjs\
core\nest-application.js:188:30
    at new Promise (<anonymous>)
    at NestApplication.listen (C:\Users\USER\OneDrive\Desk
top\Projects\CodeDabba\CodeDabba_Website_1\CodeDabba\backe
nd\node_modules\@nestjs\core\nest-application.js:178:16)
    at process.processTicksAndRejections 
(node:internal/process/task_queues:105:5)
    at async bootstrap (C:\Users\USER\OneDrive\Desktop\Pro
jects\CodeDabba\CodeDabba_Website_1\CodeDabba\backend\src\
main.ts:27:3) {
  code: 'EADDRINUSE',
  errno: -4091,
  syscall: 'listen',
  address: '::',
  port: 5000
}

Node.js v23.11.0
